C:\Users\marin\Downloads\BackToCDungeons\BackToCdungeon\BackToCDungeons\cdungeons\src\main\java\com\dungeons\Controllers\quitController.java
C:\Users\marin\Downloads\BackToCDungeons\BackToCdungeon\BackToCDungeons\cdungeons\src\main\java\com\dungeons\systems\CombatSystem\Move.java
C:\Users\marin\Downloads\BackToCDungeons\BackToCdungeon\BackToCDungeons\cdungeons\src\main\java\com\dungeons\systems\SpriteSheet.java
C:\Users\marin\Downloads\BackToCDungeons\BackToCdungeon\BackToCDungeons\cdungeons\src\main\java\com\dungeons\systems\Player.java
C:\Users\marin\Downloads\BackToCDungeons\BackToCdungeon\BackToCDungeons\cdungeons\src\main\java\com\dungeons\world\InteractZone.java
C:\Users\marin\Downloads\BackToCDungeons\BackToCdungeon\BackToCDungeons\cdungeons\src\main\java\com\dungeons\characters\CharacterData.java
C:\Users\marin\Downloads\BackToCDungeons\BackToCdungeon\BackToCDungeons\cdungeons\src\main\java\com\dungeons\Controllers\DialogueBoxController.java
C:\Users\marin\Downloads\BackToCDungeons\BackToCdungeon\BackToCDungeons\cdungeons\src\main\java\module-info.java
C:\Users\marin\Downloads\BackToCDungeons\BackToCdungeon\BackToCDungeons\cdungeons\src\main\java\com\dungeons\systems\CombatSystem\CombatResult.java
C:\Users\marin\Downloads\BackToCDungeons\BackToCdungeon\BackToCDungeons\cdungeons\src\main\java\com\dungeons\systems\CombatSystem\CombatEngineTest.java
C:\Users\marin\Downloads\BackToCDungeons\BackToCdungeon\BackToCDungeons\cdungeons\src\main\java\com\dungeons\screens\combatScreen.java
C:\Users\marin\Downloads\BackToCDungeons\BackToCdungeon\BackToCDungeons\cdungeons\src\main\java\com\dungeons\screens\creditsScreen.java
C:\Users\marin\Downloads\BackToCDungeons\BackToCdungeon\BackToCDungeons\cdungeons\src\main\java\com\dungeons\systems\CombatSystem\BossLoader.java
C:\Users\marin\Downloads\BackToCDungeons\BackToCdungeon\BackToCDungeons\cdungeons\src\main\java\com\dungeons\screens\areYouSureScreen.java
C:\Users\marin\Downloads\BackToCDungeons\BackToCdungeon\BackToCDungeons\cdungeons\src\main\java\com\dungeons\screens\startingScreen.java
C:\Users\marin\Downloads\BackToCDungeons\BackToCdungeon\BackToCDungeons\cdungeons\src\main\java\com\dungeons\systems\CombatSystem\TurnLog.java
C:\Users\marin\Downloads\BackToCDungeons\BackToCdungeon\BackToCDungeons\cdungeons\src\main\java\com\dungeons\characters\CharactersManager.java
C:\Users\marin\Downloads\BackToCDungeons\BackToCdungeon\BackToCDungeons\cdungeons\src\main\java\com\dungeons\screens\DialoguesScreen.java
C:\Users\marin\Downloads\BackToCDungeons\BackToCdungeon\BackToCDungeons\cdungeons\src\main\java\com\dungeons\screens\pauseScreen.java
C:\Users\marin\Downloads\BackToCDungeons\BackToCdungeon\BackToCDungeons\cdungeons\src\main\java\com\dungeons\MusicandSoundsCode\GameMusicManager.java
C:\Users\marin\Downloads\BackToCDungeons\BackToCdungeon\BackToCDungeons\cdungeons\src\main\java\com\dungeons\screens\gameoverScreen.java
C:\Users\marin\Downloads\BackToCDungeons\BackToCdungeon\BackToCDungeons\cdungeons\src\main\java\com\dungeons\systems\CombatSystem\CombatEngine.java
C:\Users\marin\Downloads\BackToCDungeons\BackToCdungeon\BackToCDungeons\cdungeons\src\main\java\com\dungeons\Controllers\PauseController.java
C:\Users\marin\Downloads\BackToCDungeons\BackToCdungeon\BackToCDungeons\cdungeons\src\main\java\com\dungeons\characters\CharacterStats.java
C:\Users\marin\Downloads\BackToCDungeons\BackToCdungeon\BackToCDungeons\cdungeons\src\main\java\com\dungeons\screens\itemPickupScreen.java
C:\Users\marin\Downloads\BackToCDungeons\BackToCdungeon\BackToCDungeons\cdungeons\src\main\java\com\dungeons\systems\CombatSystem\Player.java
C:\Users\marin\Downloads\BackToCDungeons\BackToCdungeon\BackToCDungeons\cdungeons\src\main\java\com\dungeons\characters\Abilities.java
C:\Users\marin\Downloads\BackToCDungeons\BackToCdungeon\BackToCDungeons\cdungeons\src\main\java\com\dungeons\systems\CombatSystem\Item.java
C:\Users\marin\Downloads\BackToCDungeons\BackToCdungeon\BackToCDungeons\cdungeons\src\main\java\com\dungeons\Controllers\CombatController.java
C:\Users\marin\Downloads\BackToCDungeons\BackToCdungeon\BackToCDungeons\cdungeons\src\main\java\com\dungeons\marinMainTesting.java
C:\Users\marin\Downloads\BackToCDungeons\BackToCdungeon\BackToCDungeons\cdungeons\src\main\java\com\dungeons\MusicandSoundsCode\AudioManager.java
C:\Users\marin\Downloads\BackToCDungeons\BackToCdungeon\BackToCDungeons\cdungeons\src\main\java\com\dungeons\world\Map.java
C:\Users\marin\Downloads\BackToCDungeons\BackToCdungeon\BackToCDungeons\cdungeons\src\main\java\com\dungeons\world\TransitionZone.java
C:\Users\marin\Downloads\BackToCDungeons\BackToCdungeon\BackToCDungeons\cdungeons\src\main\java\com\dungeons\systems\CombatSystem\PlayerAction.java
C:\Users\marin\Downloads\BackToCDungeons\BackToCdungeon\BackToCDungeons\cdungeons\src\main\java\com\dungeons\world\MapManager.java
C:\Users\marin\Downloads\BackToCDungeons\BackToCdungeon\BackToCDungeons\cdungeons\src\main\java\com\dungeons\systems\CombatSystem\Combatant.java
C:\Users\marin\Downloads\BackToCDungeons\BackToCdungeon\BackToCDungeons\cdungeons\src\main\java\com\dungeons\world\MapRenderer.java
C:\Users\marin\Downloads\BackToCDungeons\BackToCdungeon\BackToCDungeons\cdungeons\src\main\java\com\dungeons\Main.java
C:\Users\marin\Downloads\BackToCDungeons\BackToCdungeon\BackToCDungeons\cdungeons\src\main\java\com\dungeons\systems\CombatSystem\StatsLoader.java
C:\Users\marin\Downloads\BackToCDungeons\BackToCdungeon\BackToCDungeons\cdungeons\src\main\java\com\dungeons\world\TilesetManager.java
C:\Users\marin\Downloads\BackToCDungeons\BackToCdungeon\BackToCDungeons\cdungeons\src\main\java\com\dungeons\dialogueManager\DialogueManager.java
C:\Users\marin\Downloads\BackToCDungeons\BackToCdungeon\BackToCDungeons\cdungeons\src\main\java\com\dungeons\Controllers\OptionsNStartingController.java
C:\Users\marin\Downloads\BackToCDungeons\BackToCdungeon\BackToCDungeons\cdungeons\src\main\java\com\dungeons\screens\GameScreen.java
C:\Users\marin\Downloads\BackToCDungeons\BackToCdungeon\BackToCDungeons\cdungeons\src\main\java\com\dungeons\dialogueManager\Dialogue.java
C:\Users\marin\Downloads\BackToCDungeons\BackToCdungeon\BackToCDungeons\cdungeons\src\main\java\com\dungeons\dialogueManager\DialogueData.java
C:\Users\marin\Downloads\BackToCDungeons\BackToCdungeon\BackToCDungeons\cdungeons\src\main\java\com\dungeons\characters\Characters.java
C:\Users\marin\Downloads\BackToCDungeons\BackToCdungeon\BackToCDungeons\cdungeons\src\main\java\com\dungeons\screens\shopScreen.java
C:\Users\marin\Downloads\BackToCDungeons\BackToCdungeon\BackToCDungeons\cdungeons\src\main\java\com\dungeons\App.java
